// Jest Snapshot v1, https://goo.gl/fbAQLP

exports[`renders correctly 1`] = `
<div
  className="sc-htpNat jgwOvs"
>
  <div
    className="sc-bdVaJa gNjpfy"
  >
    <div
      className="sc-bwzfXH kkvabS"
      onClick={[Function]}
    >
      Bitcoin
    </div>
    <div
      className="sc-bwzfXH kkvabS"
      onClick={[Function]}
    >
      Litecoin
    </div>
    <div
      className="sc-bwzfXH kkvabS"
      onClick={[Function]}
    >
      Ethereum
    </div>
  </div>
  <div
    className="sc-bxivhb hgdDWp"
  />
</div>
`;
